commit df33fc6026ebbafddd9a1aa32097a62e6bb2ec33
Author: ThatOSDeveloper <contact@thatosdeveloper.us>
Date:   Sun Aug 23 19:27:56 2026 -0400

    Added in doxygen comments, ACPI, and a simple ascii art logo. ACPI is a WIP.

commit a59039d17f923ad3d31581aa764cce541f27e561
Author: ThatOSDeveloper <contact@thatosdeveloper.us>
Date:   Sat Aug 22 21:13:43 2026 -0400

    Added in GDT and the IDT.

commit 350fc51eb4c4e43484c5f2db10ae98fdd2aded71
Author: ThatOSDeveloper <contact@thatosdeveloper.us>
Date:   Sat Aug 22 18:06:19 2026 -0400

    Removed AARCH64 support (ARM64 can be done later)

commit af013392cea89f2b64c56c5d3b03d6d875205960
Author: ThatOSDeveloper <contact@thatosdeveloper.us>
Date:   Fri Aug 21 14:48:56 2026 -0400

    Moved the QEMU virt specific code for aarch64 from generic to qemuvirt. Also implemented printf. We also print out the version, branch, commit hash, etc.

commit ae4d87cd0cb676b064f165ea67bb78ad5197dfbf
Author: ThatOSDeveloper <contact@thatosdeveloper.us>
Date:   Fri Aug 21 00:20:06 2026 -0400

    Initial commit
